###############################################################################
#
# IAR ELF Linker V7.80.2.11947/W32 for ARM                19/Feb/2017  17:02:30
# Copyright 2007-2016 IAR Systems AB.
#
#    Output file  =  
#        C:\Users\Xuan Thiep\Documents\MEGA\Projects\STM32F4 Projects\12 13
#        Measuaring Frequency And Duty Cycle Using Input
#        Capture\EWARM\Measuaring Frequency And Duty Cycle Using Input
#        Capture\Exe\Measuaring Frequency And Duty Cycle Using Input
#        Capture.out
#    Map file     =  
#        C:\Users\Xuan Thiep\Documents\MEGA\Projects\STM32F4 Projects\12 13
#        Measuaring Frequency And Duty Cycle Using Input
#        Capture\EWARM\Measuaring Frequency And Duty Cycle Using Input
#        Capture\List\Measuaring Frequency And Duty Cycle Using Input
#        Capture.map
#    Command line =  
#        "C:\Users\Xuan Thiep\Documents\MEGA\Projects\STM32F4 Projects\12 13
#        Measuaring Frequency And Duty Cycle Using Input
#        Capture\EWARM\Measuaring Frequency And Duty Cycle Using Input
#        Capture\Obj\main.o" "C:\Users\Xuan
#        Thiep\Documents\MEGA\Projects\STM32F4 Projects\12 13 Measuaring
#        Frequency And Duty Cycle Using Input Capture\EWARM\Measuaring
#        Frequency And Duty Cycle Using Input
#        Capture\Obj\startup_stm32f407xx.o" "C:\Users\Xuan
#        Thiep\Documents\MEGA\Projects\STM32F4 Projects\12 13 Measuaring
#        Frequency And Duty Cycle Using Input Capture\EWARM\Measuaring
#        Frequency And Duty Cycle Using Input Capture\Obj\stm32f4xx_hal.o"
#        "C:\Users\Xuan Thiep\Documents\MEGA\Projects\STM32F4 Projects\12 13
#        Measuaring Frequency And Duty Cycle Using Input
#        Capture\EWARM\Measuaring Frequency And Duty Cycle Using Input
#        Capture\Obj\stm32f4xx_hal_cortex.o" "C:\Users\Xuan
#        Thiep\Documents\MEGA\Projects\STM32F4 Projects\12 13 Measuaring
#        Frequency And Duty Cycle Using Input Capture\EWARM\Measuaring
#        Frequency And Duty Cycle Using Input Capture\Obj\stm32f4xx_hal_dma.o"
#        "C:\Users\Xuan Thiep\Documents\MEGA\Projects\STM32F4 Projects\12 13
#        Measuaring Frequency And Duty Cycle Using Input
#        Capture\EWARM\Measuaring Frequency And Duty Cycle Using Input
#        Capture\Obj\stm32f4xx_hal_dma_ex.o" "C:\Users\Xuan
#        Thiep\Documents\MEGA\Projects\STM32F4 Projects\12 13 Measuaring
#        Frequency And Duty Cycle Using Input Capture\EWARM\Measuaring
#        Frequency And Duty Cycle Using Input
#        Capture\Obj\stm32f4xx_hal_flash.o" "C:\Users\Xuan
#        Thiep\Documents\MEGA\Projects\STM32F4 Projects\12 13 Measuaring
#        Frequency And Duty Cycle Using Input Capture\EWARM\Measuaring
#        Frequency And Duty Cycle Using Input
#        Capture\Obj\stm32f4xx_hal_flash_ex.o" "C:\Users\Xuan
#        Thiep\Documents\MEGA\Projects\STM32F4 Projects\12 13 Measuaring
#        Frequency And Duty Cycle Using Input Capture\EWARM\Measuaring
#        Frequency And Duty Cycle Using Input
#        Capture\Obj\stm32f4xx_hal_flash_ramfunc.o" "C:\Users\Xuan
#        Thiep\Documents\MEGA\Projects\STM32F4 Projects\12 13 Measuaring
#        Frequency And Duty Cycle Using Input Capture\EWARM\Measuaring
#        Frequency And Duty Cycle Using Input Capture\Obj\stm32f4xx_hal_gpio.o"
#        "C:\Users\Xuan Thiep\Documents\MEGA\Projects\STM32F4 Projects\12 13
#        Measuaring Frequency And Duty Cycle Using Input
#        Capture\EWARM\Measuaring Frequency And Duty Cycle Using Input
#        Capture\Obj\stm32f4xx_hal_msp.o" "C:\Users\Xuan
#        Thiep\Documents\MEGA\Projects\STM32F4 Projects\12 13 Measuaring
#        Frequency And Duty Cycle Using Input Capture\EWARM\Measuaring
#        Frequency And Duty Cycle Using Input Capture\Obj\stm32f4xx_hal_pwr.o"
#        "C:\Users\Xuan Thiep\Documents\MEGA\Projects\STM32F4 Projects\12 13
#        Measuaring Frequency And Duty Cycle Using Input
#        Capture\EWARM\Measuaring Frequency And Duty Cycle Using Input
#        Capture\Obj\stm32f4xx_hal_pwr_ex.o" "C:\Users\Xuan
#        Thiep\Documents\MEGA\Projects\STM32F4 Projects\12 13 Measuaring
#        Frequency And Duty Cycle Using Input Capture\EWARM\Measuaring
#        Frequency And Duty Cycle Using Input Capture\Obj\stm32f4xx_hal_rcc.o"
#        "C:\Users\Xuan Thiep\Documents\MEGA\Projects\STM32F4 Projects\12 13
#        Measuaring Frequency And Duty Cycle Using Input
#        Capture\EWARM\Measuaring Frequency And Duty Cycle Using Input
#        Capture\Obj\stm32f4xx_hal_rcc_ex.o" "C:\Users\Xuan
#        Thiep\Documents\MEGA\Projects\STM32F4 Projects\12 13 Measuaring
#        Frequency And Duty Cycle Using Input Capture\EWARM\Measuaring
#        Frequency And Duty Cycle Using Input Capture\Obj\stm32f4xx_hal_tim.o"
#        "C:\Users\Xuan Thiep\Documents\MEGA\Projects\STM32F4 Projects\12 13
#        Measuaring Frequency And Duty Cycle Using Input
#        Capture\EWARM\Measuaring Frequency And Duty Cycle Using Input
#        Capture\Obj\stm32f4xx_hal_tim_ex.o" "C:\Users\Xuan
#        Thiep\Documents\MEGA\Projects\STM32F4 Projects\12 13 Measuaring
#        Frequency And Duty Cycle Using Input Capture\EWARM\Measuaring
#        Frequency And Duty Cycle Using Input Capture\Obj\stm32f4xx_it.o"
#        "C:\Users\Xuan Thiep\Documents\MEGA\Projects\STM32F4 Projects\12 13
#        Measuaring Frequency And Duty Cycle Using Input
#        Capture\EWARM\Measuaring Frequency And Duty Cycle Using Input
#        Capture\Obj\system_stm32f4xx.o" --redirect _Printf=_PrintfFull
#        --redirect _Scanf=_ScanfFull -o "C:\Users\Xuan
#        Thiep\Documents\MEGA\Projects\STM32F4 Projects\12 13 Measuaring
#        Frequency And Duty Cycle Using Input Capture\EWARM\Measuaring
#        Frequency And Duty Cycle Using Input Capture\Exe\Measuaring Frequency
#        And Duty Cycle Using Input Capture.out" --map "C:\Users\Xuan
#        Thiep\Documents\MEGA\Projects\STM32F4 Projects\12 13 Measuaring
#        Frequency And Duty Cycle Using Input Capture\EWARM\Measuaring
#        Frequency And Duty Cycle Using Input Capture\List\Measuaring Frequency
#        And Duty Cycle Using Input Capture.map" --config "C:\Users\Xuan
#        Thiep\Documents\MEGA\Projects\STM32F4 Projects\12 13 Measuaring
#        Frequency And Duty Cycle Using Input
#        Capture\EWARM/stm32f407xx_flash.icf" --semihosting --entry
#        __iar_program_start --vfe
#
###############################################################################

*******************************************************************************
*** RUNTIME MODEL ATTRIBUTES
***

CppFlavor       = *
__SystemLibrary = DLib


*******************************************************************************
*** PLACEMENT SUMMARY
***

"A0":  place at 0x08000000 { ro section .intvec };
"P1":  place in [from 0x08000000 to 0x080fffff] { ro };
"P2":  place in [from 0x20000000 to 0x2001ffff] { rw, block CSTACK, block HEAP };
initialize by copy { rw };

  Section            Kind        Address    Size  Object
  -------            ----        -------    ----  ------
"A0":                                      0x188
  .intvec            ro code  0x08000000   0x188  startup_stm32f407xx.o [1]
                            - 0x08000188   0x188

"P1":                                     0x1760
  .text              ro code  0x08000188   0x5e2  stm32f4xx_hal_tim.o [1]
  .text              ro code  0x0800076c    0xfc  stm32f4xx_hal_msp.o [1]
  .text              ro code  0x08000868   0x298  main.o [1]
  .text              ro code  0x08000b00     0x2  stm32f4xx_hal_tim.o [1]
  .text              ro code  0x08000b02     0x2  stm32f4xx_hal_tim_ex.o [1]
  .text              ro code  0x08000b04     0x2  stm32f4xx_hal_tim.o [1]
  .text              ro code  0x08000b06     0x2  stm32f4xx_hal_tim_ex.o [1]
  .text              ro code  0x08000b08     0x2  stm32f4xx_hal_tim.o [1]
  .text              ro code  0x08000b0c    0xde  stm32f4xx_hal_cortex.o [1]
  .text              ro code  0x08000bec   0x1ec  stm32f4xx_hal_gpio.o [1]
  .text              ro code  0x08000dd8    0x34  stm32f4xx_hal.o [1]
  .text              ro code  0x08000e0c    0x4a  stm32f4xx_hal_tim_ex.o [1]
  .text              ro code  0x08000e58   0x298  stm32f4xx_hal_rcc.o [1]
  .text              ro code  0x080010f0   0x1b0  stm32f4xx_hal_rcc.o [1]
  .text              ro code  0x080012a0    0x1c  I32ToDbl.o [4]
  .text              ro code  0x080012bc   0x256  DblDiv.o [4]
  .text              ro code  0x08001514    0x90  DblToFlt.o [4]
  .text              ro code  0x080015a4    0x28  stm32f4xx_hal.o [1]
  .text              ro code  0x080015cc     0xc  stm32f4xx_hal.o [1]
  .text              ro code  0x080015d8    0x50  system_stm32f4xx.o [1]
  .text              ro code  0x08001628    0x40  zero_init3.o [5]
  .text              ro code  0x08001668    0x34  stm32f4xx_it.o [1]
  .text              ro code  0x0800169c    0x10  stm32f4xx_hal.o [1]
  .text              ro code  0x080016ac    0x2c  copy_init3.o [5]
  .text              ro code  0x080016d8    0x28  data_init.o [5]
  .text              ro code  0x08001700    0x22  fpinit_M.o [4]
  .iar.init_table    const    0x08001724    0x24  - Linker created -
  .text              ro code  0x08001748    0x1a  cmain.o [5]
  .text              ro code  0x08001762     0x4  low_level_init.o [3]
  .text              ro code  0x08001766     0x4  exit.o [3]
  .text              ro code  0x0800176c     0xa  cexit.o [5]
  .text              ro code  0x08001778    0x14  exit.o [6]
  .text              ro code  0x0800178c    0x10  startup_stm32f407xx.o [1]
  .text              ro code  0x0800179c     0xc  cstartup_M.o [5]
  .text              ro code  0x080017a8     0x4  startup_stm32f407xx.o [1]
  .text              ro code  0x080017ac     0x4  startup_stm32f407xx.o [1]
  .text              ro code  0x080017b0     0x4  startup_stm32f407xx.o [1]
  .text              ro code  0x080017b4     0x4  startup_stm32f407xx.o [1]
  .text              ro code  0x080017b8     0x4  startup_stm32f407xx.o [1]
  .text              ro code  0x080017bc     0x4  startup_stm32f407xx.o [1]
  .text              ro code  0x080017c0     0x4  startup_stm32f407xx.o [1]
  .text              ro code  0x080017c4     0x4  startup_stm32f407xx.o [1]
  .text              ro code  0x080017c8     0x4  startup_stm32f407xx.o [1]
  .text              ro code  0x080017cc     0x4  startup_stm32f407xx.o [1]
  .text              ro code  0x080017d0     0x4  startup_stm32f407xx.o [1]
  .text              ro code  0x080017d4     0x4  startup_stm32f407xx.o [1]
  .text              ro code  0x080017d8     0x4  startup_stm32f407xx.o [1]
  .text              ro code  0x080017dc     0x4  startup_stm32f407xx.o [1]
  .text              ro code  0x080017e0     0x4  startup_stm32f407xx.o [1]
  .text              ro code  0x080017e4     0x4  startup_stm32f407xx.o [1]
  .text              ro code  0x080017e8     0x4  startup_stm32f407xx.o [1]
  .text              ro code  0x080017ec     0x4  startup_stm32f407xx.o [1]
  .text              ro code  0x080017f0     0x4  startup_stm32f407xx.o [1]
  .text              ro code  0x080017f4     0x4  startup_stm32f407xx.o [1]
  .text              ro code  0x080017f8     0x4  startup_stm32f407xx.o [1]
  .text              ro code  0x080017fc     0x4  startup_stm32f407xx.o [1]
  .text              ro code  0x08001800     0x4  startup_stm32f407xx.o [1]
  .text              ro code  0x08001804     0x4  startup_stm32f407xx.o [1]
  .text              ro code  0x08001808     0x4  startup_stm32f407xx.o [1]
  .text              ro code  0x0800180c     0x4  startup_stm32f407xx.o [1]
  .text              ro code  0x08001810     0x4  startup_stm32f407xx.o [1]
  .text              ro code  0x08001814     0x4  startup_stm32f407xx.o [1]
  .text              ro code  0x08001818     0x4  startup_stm32f407xx.o [1]
  .text              ro code  0x0800181c     0x4  startup_stm32f407xx.o [1]
  .text              ro code  0x08001820     0x4  startup_stm32f407xx.o [1]
  .text              ro code  0x08001824     0x4  startup_stm32f407xx.o [1]
  .text              ro code  0x08001828     0x4  startup_stm32f407xx.o [1]
  .text              ro code  0x0800182c     0x4  startup_stm32f407xx.o [1]
  .text              ro code  0x08001830     0x4  startup_stm32f407xx.o [1]
  .text              ro code  0x08001834     0x4  startup_stm32f407xx.o [1]
  .text              ro code  0x08001838     0x4  startup_stm32f407xx.o [1]
  .text              ro code  0x0800183c     0x4  startup_stm32f407xx.o [1]
  .text              ro code  0x08001840     0x4  startup_stm32f407xx.o [1]
  .text              ro code  0x08001844     0x4  startup_stm32f407xx.o [1]
  .text              ro code  0x08001848     0x4  startup_stm32f407xx.o [1]
  .text              ro code  0x0800184c     0x4  startup_stm32f407xx.o [1]
  .text              ro code  0x08001850     0x4  startup_stm32f407xx.o [1]
  .text              ro code  0x08001854     0x4  startup_stm32f407xx.o [1]
  .text              ro code  0x08001858     0x4  startup_stm32f407xx.o [1]
  .text              ro code  0x0800185c     0x4  startup_stm32f407xx.o [1]
  .text              ro code  0x08001860     0x4  startup_stm32f407xx.o [1]
  .text              ro code  0x08001864     0x4  startup_stm32f407xx.o [1]
  .text              ro code  0x08001868     0x4  startup_stm32f407xx.o [1]
  .text              ro code  0x0800186c     0x4  startup_stm32f407xx.o [1]
  .text              ro code  0x08001870     0x4  startup_stm32f407xx.o [1]
  .text              ro code  0x08001874     0x4  startup_stm32f407xx.o [1]
  .text              ro code  0x08001878     0x4  startup_stm32f407xx.o [1]
  .text              ro code  0x0800187c     0x4  startup_stm32f407xx.o [1]
  .text              ro code  0x08001880     0x4  startup_stm32f407xx.o [1]
  .text              ro code  0x08001884     0x4  startup_stm32f407xx.o [1]
  .text              ro code  0x08001888     0x4  startup_stm32f407xx.o [1]
  .text              ro code  0x0800188c     0x4  startup_stm32f407xx.o [1]
  .text              ro code  0x08001890     0x4  startup_stm32f407xx.o [1]
  .text              ro code  0x08001894     0x4  startup_stm32f407xx.o [1]
  .text              ro code  0x08001898     0x4  startup_stm32f407xx.o [1]
  .text              ro code  0x0800189c     0x4  startup_stm32f407xx.o [1]
  .text              ro code  0x080018a0     0x4  startup_stm32f407xx.o [1]
  .text              ro code  0x080018a4     0x4  startup_stm32f407xx.o [1]
  .text              ro code  0x080018a8     0x4  startup_stm32f407xx.o [1]
  .text              ro code  0x080018ac     0x4  startup_stm32f407xx.o [1]
  .text              ro code  0x080018b0     0x4  startup_stm32f407xx.o [1]
  .text              ro code  0x080018b4     0x4  startup_stm32f407xx.o [1]
  .text              ro code  0x080018b8     0x4  startup_stm32f407xx.o [1]
  .text              ro code  0x080018bc     0x4  startup_stm32f407xx.o [1]
  .text              ro code  0x080018c0     0x4  startup_stm32f407xx.o [1]
  .text              ro code  0x080018c4     0x4  startup_stm32f407xx.o [1]
  .text              ro code  0x080018c8     0x4  startup_stm32f407xx.o [1]
  .text              ro code  0x080018cc     0x4  startup_stm32f407xx.o [1]
  .text              ro code  0x080018d0     0x4  startup_stm32f407xx.o [1]
  .text              ro code  0x080018d4     0x4  startup_stm32f407xx.o [1]
  .text              ro code  0x080018d8     0x4  startup_stm32f407xx.o [1]
  .text              ro code  0x080018dc     0x4  startup_stm32f407xx.o [1]
  .text              ro code  0x080018e0     0x4  startup_stm32f407xx.o [1]
  Initializer bytes  const    0x080018e4     0x4  <for P2-1>
  .rodata            const    0x080018e8     0x0  zero_init3.o [5]
  .rodata            const    0x080018e8     0x0  copy_init3.o [5]
                            - 0x080018e8  0x1760

"P2", part 1 of 3:                           0x4
  P2-1                        0x20000000     0x4  <Init block>
    .data            inited   0x20000000     0x4  system_stm32f4xx.o [1]
                            - 0x20000004     0x4

"P2", part 2 of 3:                         0x400
  CSTACK                      0x20000008   0x400  <Block>
    CSTACK           uninit   0x20000008   0x400  <Block tail>
                            - 0x20000408   0x400

"P2", part 3 of 3:                          0x90
  .bss               zero     0x20000408    0x50  main.o [1]
  .bss               zero     0x20000458    0x3c  main.o [1]
  .bss               zero     0x20000494     0x4  stm32f4xx_hal.o [1]
                            - 0x20000498    0x90


*******************************************************************************
*** INIT TABLE
***

          Address     Size
          -------     ----
Zero (__iar_zero_init3)
    1 destination range, total size 0x90:
          0x20000408  0x90

Copy (__iar_copy_init3)
    1 source range, total size 0x4:
          0x080018e4   0x4
    1 destination range, total size 0x4:
          0x20000000   0x4



*******************************************************************************
*** MODULE SUMMARY
***

    Module                  ro code  ro data  rw data
    ------                  -------  -------  -------
C:\Users\Xuan Thiep\Documents\MEGA\Projects\STM32F4 Projects\12 13 Measuaring Frequency And Duty Cycle Using Input Capture\EWARM\Measuaring Frequency And Duty Cycle Using Input Capture\Obj: [1]
    main.o                      664               140
    startup_stm32f407xx.o       724
    stm32f4xx_hal.o             120                 4
    stm32f4xx_hal_cortex.o      222
    stm32f4xx_hal_gpio.o        492
    stm32f4xx_hal_msp.o         252
    stm32f4xx_hal_rcc.o       1 096
    stm32f4xx_hal_tim.o       1 512
    stm32f4xx_hal_tim_ex.o       78
    stm32f4xx_it.o               52
    system_stm32f4xx.o           80        4        4
    -------------------------------------------------
    Total:                    5 292        4      148

command line: [2]
    -------------------------------------------------
    Total:

dl7M_tlf.a: [3]
    exit.o                        4
    low_level_init.o              4
    -------------------------------------------------
    Total:                        8

m7M_tls.a: [4]
    DblDiv.o                    598
    DblToFlt.o                  144
    I32ToDbl.o                   28
    fpinit_M.o                   34
    -------------------------------------------------
    Total:                      804

rt7M_tl.a: [5]
    cexit.o                      10
    cmain.o                      26
    copy_init3.o                 44
    cstartup_M.o                 12
    data_init.o                  40
    zero_init3.o                 64
    -------------------------------------------------
    Total:                      196

shb_l.a: [6]
    exit.o                       20
    -------------------------------------------------
    Total:                       20

    Gaps                         14        2
    Linker created                        36    1 024
-----------------------------------------------------
    Grand Total:              6 334       42    1 172


*******************************************************************************
*** ENTRY LIST
***

Entry                      Address   Size  Type      Object
-----                      -------   ----  ----      ------
.iar.init_table$$Base   0x08001724          --   Gb  - Linker created -
.iar.init_table$$Limit  0x08001748          --   Gb  - Linker created -
?main                   0x08001749         Code  Gb  cmain.o [5]
APBAHBPrescTable        0x0800123c   0x10  Data  Gb  stm32f4xx_hal_rcc.o [1]
BusFault_Handler        0x0800166f    0x2  Code  Gb  stm32f4xx_it.o [1]
CSTACK$$Base            0x20000008          --   Gb  - Linker created -
CSTACK$$Limit           0x20000408          --   Gb  - Linker created -
DebugMon_Handler        0x08001675    0x2  Code  Gb  stm32f4xx_it.o [1]
HAL_GPIO_Init           0x08000bed  0x1a4  Code  Gb  stm32f4xx_hal_gpio.o [1]
HAL_GPIO_ReadPin        0x08000d91    0xc  Code  Gb  stm32f4xx_hal_gpio.o [1]
HAL_GPIO_TogglePin      0x08000da5    0x8  Code  Gb  stm32f4xx_hal_gpio.o [1]
HAL_GPIO_WritePin       0x08000d9d    0x8  Code  Gb  stm32f4xx_hal_gpio.o [1]
HAL_GetTick             0x080015cd    0xc  Code  Wk  stm32f4xx_hal.o [1]
HAL_IncTick             0x0800169d   0x10  Code  Wk  stm32f4xx_hal.o [1]
HAL_Init                0x08000dd9   0x30  Code  Gb  stm32f4xx_hal.o [1]
HAL_InitTick            0x080015a5   0x28  Code  Wk  stm32f4xx_hal.o [1]
HAL_MspInit             0x0800076d   0x60  Code  Gb  stm32f4xx_hal_msp.o [1]
HAL_NVIC_EnableIRQ      0x08000b7b    0xc  Code  Gb  stm32f4xx_hal_cortex.o [1]
HAL_NVIC_SetPriority    0x08000b41   0x3a  Code  Gb  stm32f4xx_hal_cortex.o [1]
HAL_NVIC_SetPriorityGrouping
                        0x08000b27   0x1a  Code  Gb  stm32f4xx_hal_cortex.o [1]
HAL_RCC_ClockConfig     0x080010f1  0x12c  Code  Gb  stm32f4xx_hal_rcc.o [1]
HAL_RCC_GetHCLKFreq     0x0800122b    0x6  Code  Gb  stm32f4xx_hal_rcc.o [1]
HAL_RCC_GetSysClockFreq
                        0x0800124d   0x54  Code  Wk  stm32f4xx_hal_rcc.o [1]
HAL_RCC_OscConfig       0x08000e59  0x298  Code  Wk  stm32f4xx_hal_rcc.o [1]
HAL_SYSTICK_CLKSourceConfig
                        0x08000bb7   0x14  Code  Gb  stm32f4xx_hal_cortex.o [1]
HAL_SYSTICK_Callback    0x08000be9    0x2  Code  Wk  stm32f4xx_hal_cortex.o [1]
HAL_SYSTICK_Config      0x08000b8f   0x28  Code  Gb  stm32f4xx_hal_cortex.o [1]
HAL_SYSTICK_IRQHandler  0x08000be5    0x4  Code  Gb  stm32f4xx_hal_cortex.o [1]
HAL_TIMEx_BreakCallback
                        0x08000b03    0x2  Code  Wk  stm32f4xx_hal_tim_ex.o [1]
HAL_TIMEx_CommutationCallback
                        0x08000b07    0x2  Code  Wk  stm32f4xx_hal_tim_ex.o [1]
HAL_TIMEx_MasterConfigSynchronization
                        0x08000e0d   0x4a  Code  Gb  stm32f4xx_hal_tim_ex.o [1]
HAL_TIM_Base_Init       0x08000189   0x1a  Code  Gb  stm32f4xx_hal_tim.o [1]
HAL_TIM_Base_MspInit    0x080007cd   0x32  Code  Gb  stm32f4xx_hal_msp.o [1]
HAL_TIM_Base_Start_IT   0x080001a3   0x16  Code  Gb  stm32f4xx_hal_tim.o [1]
HAL_TIM_ConfigClockSource
                        0x080004bb   0xa8  Code  Gb  stm32f4xx_hal_tim.o [1]
HAL_TIM_IC_CaptureCallback
                        0x08000a31   0x90  Code  Gb  main.o [1]
HAL_TIM_IC_ConfigChannel
                        0x0800039b  0x116  Code  Gb  stm32f4xx_hal_tim.o [1]
HAL_TIM_IC_Init         0x0800022f   0x1a  Code  Gb  stm32f4xx_hal_tim.o [1]
HAL_TIM_IC_MspInit      0x080007ff   0x4e  Code  Gb  stm32f4xx_hal_msp.o [1]
HAL_TIM_IC_Start_IT     0x08000249    0xa  Code  Gb  stm32f4xx_hal_tim.o [1]
HAL_TIM_IRQHandler      0x08000253  0x142  Code  Gb  stm32f4xx_hal_tim.o [1]
HAL_TIM_OC_DelayElapsedCallback
                        0x08000b01    0x2  Code  Wk  stm32f4xx_hal_tim.o [1]
HAL_TIM_PWM_PulseFinishedCallback
                        0x08000b09    0x2  Code  Wk  stm32f4xx_hal_tim.o [1]
HAL_TIM_PeriodElapsedCallback
                        0x08000ac1   0x16  Code  Gb  main.o [1]
HAL_TIM_TriggerCallback
                        0x08000b05    0x2  Code  Wk  stm32f4xx_hal_tim.o [1]
HardFault_Handler       0x0800166b    0x2  Code  Gb  stm32f4xx_it.o [1]
MemManage_Handler       0x0800166d    0x2  Code  Gb  stm32f4xx_it.o [1]
NMI_Handler             0x08001669    0x2  Code  Gb  stm32f4xx_it.o [1]
NVIC_SetPriority        0x08000b0d   0x1a  Code  Lc  stm32f4xx_hal_cortex.o [1]
PendSV_Handler          0x08001677    0x2  Code  Gb  stm32f4xx_it.o [1]
Region$$Table$$Base     0x08001724          --   Gb  - Linker created -
Region$$Table$$Limit    0x08001748          --   Gb  - Linker created -
SVC_Handler             0x08001673    0x2  Code  Gb  stm32f4xx_it.o [1]
SysTick_Handler         0x08001679    0xe  Code  Gb  stm32f4xx_it.o [1]
SystemClock_Config      0x08000987   0xa8  Code  Gb  main.o [1]
SystemCoreClock         0x20000000    0x4  Data  Gb  system_stm32f4xx.o [1]
SystemInit              0x080015d9   0x3a  Code  Gb  system_stm32f4xx.o [1]
TIM1_UP_TIM10_IRQHandler
                        0x08001687    0x6  Code  Gb  stm32f4xx_it.o [1]
TIM2_IRQHandler         0x0800168d    0x6  Code  Gb  stm32f4xx_it.o [1]
TIM_Base_SetConfig      0x0800058b   0x90  Code  Gb  stm32f4xx_hal_tim.o [1]
TIM_CCxChannelCmd       0x08000683   0x18  Code  Gb  stm32f4xx_hal_tim.o [1]
TIM_ETR_SetConfig       0x08000757   0x14  Code  Lc  stm32f4xx_hal_tim.o [1]
TIM_ITRx_SetConfig      0x08000747   0x10  Code  Lc  stm32f4xx_hal_tim.o [1]
TIM_TI1_ConfigInputStage
                        0x080006cd   0x22  Code  Lc  stm32f4xx_hal_tim.o [1]
TIM_TI1_SetConfig       0x0800061d   0x66  Code  Gb  stm32f4xx_hal_tim.o [1]
TIM_TI2_ConfigInputStage
                        0x08000723   0x24  Code  Lc  stm32f4xx_hal_tim.o [1]
TIM_TI2_SetConfig       0x080006ef   0x34  Code  Lc  stm32f4xx_hal_tim.o [1]
UsageFault_Handler      0x08001671    0x2  Code  Gb  stm32f4xx_it.o [1]
__aeabi_d2f             0x08001515         Code  Gb  DblToFlt.o [4]
__aeabi_ddiv            0x080012bd         Code  Gb  DblDiv.o [4]
__aeabi_ui2d            0x080012a1         Code  Gb  I32ToDbl.o [4]
__cmain                 0x08001749         Code  Gb  cmain.o [5]
__exit                  0x08001779   0x14  Code  Gb  exit.o [6]
__iar_copy_init3        0x080016ad   0x2c  Code  Gb  copy_init3.o [5]
__iar_data_init3        0x080016d9   0x28  Code  Gb  data_init.o [5]
__iar_init_vfp          0x08001701         Code  Gb  fpinit_M.o [4]
__iar_program_start     0x0800179d         Code  Gb  cstartup_M.o [5]
__iar_ui2d              0x080012a5         Code  Gb  I32ToDbl.o [4]
__iar_zero_init3        0x08001629   0x40  Code  Gb  zero_init3.o [5]
__low_level_init        0x08001763    0x4  Code  Gb  low_level_init.o [3]
__vector_table          0x08000000         Data  Gb  startup_stm32f407xx.o [1]
_call_main              0x08001755         Code  Gb  cmain.o [5]
_exit                   0x0800176d         Code  Gb  cexit.o [5]
_main                   0x0800175f         Code  Gb  cmain.o [5]
capture_value1          0x20000450    0x4  Data  Gb  main.o [1]
capture_value2          0x20000454    0x4  Data  Gb  main.o [1]
count                   0x20000408    0x1  Data  Gb  main.o [1]
exit                    0x08001767    0x4  Code  Gb  exit.o [3]
frequency               0x20000448    0x4  Data  Gb  main.o [1]
htim1                   0x20000458   0x3c  Data  Gb  main.o [1]
htim2                   0x2000040c   0x3c  Data  Gb  main.o [1]
main                    0x08000869  0x106  Code  Gb  main.o [1]
measure_duty            0x2000044c    0x4  Data  Gb  main.o [1]
state                   0x20000409    0x1  Data  Gb  main.o [1]
uwTick                  0x20000494    0x4  Data  Gb  stm32f4xx_hal.o [1]


[1] = C:\Users\Xuan Thiep\Documents\MEGA\Projects\STM32F4 Projects\12 13 Measuaring Frequency And Duty Cycle Using Input Capture\EWARM\Measuaring Frequency And Duty Cycle Using Input Capture\Obj
[2] = command line
[3] = dl7M_tlf.a
[4] = m7M_tls.a
[5] = rt7M_tl.a
[6] = shb_l.a

  6 334 bytes of readonly  code memory
     42 bytes of readonly  data memory
  1 172 bytes of readwrite data memory

Errors: none
Warnings: none
